{
  "exclude": {
    "files": "^.secrets.baseline$",
    "lines": null
  },
  "generated_at": "2026-06-17T12:31:04Z",
  "plugins_used": [
    {
      "name": "AWSKeyDetector"
    },
    {
      "name": "ArtifactoryDetector"
    },
    {
      "name": "AzureStorageKeyDetector"
    },
    {
      "base64_limit": 4.5,
      "name": "Base64HighEntropyString"
    },
    {
      "name": "BasicAuthDetector"
    },
    {
      "name": "BoxDetector"
    },
    {
      "name": "CloudantDetector"
    },
    {
      "ghe_instance": "github.ibm.com",
      "name": "GheDetector"
    },
    {
      "name": "GitHubTokenDetector"
    },
    {
      "hex_limit": 3,
      "name": "HexHighEntropyString"
    },
    {
      "name": "IbmCloudIamDetector"
    },
    {
      "name": "IbmCosHmacDetector"
    },
    {
      "name": "JwtTokenDetector"
    },
    {
      "keyword_exclude": null,
      "name": "KeywordDetector"
    },
    {
      "name": "MailchimpDetector"
    },
    {
      "name": "NpmDetector"
    },
    {
      "name": "PrivateKeyDetector"
    },
    {
      "name": "SlackDetector"
    },
    {
      "name": "SoftlayerDetector"
    },
    {
      "name": "SquareOAuthDetector"
    },
    {
      "name": "StripeDetector"
    },
    {
      "name": "TwilioKeyDetector"
    }
  ],
  "results": {
    ".bob/rules/python/development-guide.md": [
      {
        "hashed_secret": "605cf0632d1f0b7aebb3c0cd5c51a92145bb28a6",
        "is_secret": false,
        "is_verified": false,
        "line_number": 129,
        "type": "Secret Keyword",
        "verified_result": null
      }
    ],
    "bin/mas-devops-create-initial-users-for-saas": [
      {
        "hashed_secret": "28ed3a797da3c48c309a4ef792147f3c56cfec40",
        "is_secret": false,
        "is_verified": false,
        "line_number": 116,
        "type": "Secret Keyword",
        "verified_result": null
      }
    ],
    "bin/mas-devops-notify-slack": [
      {
        "hashed_secret": "053f5ed451647be0bbb6f67b80d6726808cad97e",
        "is_secret": false,
        "is_verified": false,
        "line_number": 44,
        "type": "Secret Keyword",
        "verified_result": null
      },
      {
        "hashed_secret": "4f75456d6c1887d41ed176f7ad3e2cfff3fdfd91",
        "is_secret": false,
        "is_verified": false,
        "line_number": 53,
        "type": "Secret Keyword",
        "verified_result": null
      }
    ],
    "docs/cli/create-initial-users.md": [
      {
        "hashed_secret": "33f220dd67f717cc949db63e21c90e130a6137da",
        "is_secret": false,
        "is_verified": false,
        "line_number": 126,
        "type": "Secret Keyword",
        "verified_result": null
      }
    ],
    "docs/cli/index.md": [
      {
        "hashed_secret": "33f220dd67f717cc949db63e21c90e130a6137da",
        "is_secret": false,
        "is_verified": false,
        "line_number": 56,
        "type": "Secret Keyword",
        "verified_result": null
      }
    ],
    "docs/cli/notify-slack.md": [
      {
        "hashed_secret": "1572c8dd915cf3bdecae817b1cb65847b4e94037",
        "is_secret": false,
        "is_verified": false,
        "line_number": 61,
        "type": "Secret Keyword",
        "verified_result": null
      },
      {
        "hashed_secret": "2d8b1074eb78b85690ced3d2cc0aed0466f6f652",
        "is_secret": false,
        "is_verified": false,
        "line_number": 207,
        "type": "Secret Keyword",
        "verified_result": null
      }
    ],
    "src/mas/devops/templates/ibm-entitlement-dockerconfig.json.j2": [
      {
        "hashed_secret": "d2e2ab0f407e4ee3cf2ab87d61c31b25a74085e5",
        "is_secret": false,
        "is_verified": false,
        "line_number": 28,
        "type": "Secret Keyword",
        "verified_result": null
      }
    ],
    "test/src/test_backup.py": [
      {
        "hashed_secret": "4dfd3a58b4820476afe7efa2e2c52b267eec876a",
        "is_secret": false,
        "is_verified": false,
        "line_number": 688,
        "type": "Secret Keyword",
        "verified_result": null
      }
    ],
    "test/src/test_db2.py": [
      {
        "hashed_secret": "a4b48a81cdab1e1a5dd37907d6c85ca1c61ddc7c",
        "is_secret": false,
        "is_verified": false,
        "line_number": 245,
        "type": "Secret Keyword",
        "verified_result": null
      }
    ],
    "test/src/test_mas.py": [
      {
        "hashed_secret": "94f5ed592906089c107208b29e178ddf1f9f5143",
        "is_secret": false,
        "is_verified": false,
        "line_number": 40,
        "type": "Secret Keyword",
        "verified_result": null
      },
      {
        "hashed_secret": "a9410d9785f49750b9f8672794fc288558c1611c",
        "is_secret": false,
        "is_verified": false,
        "line_number": 60,
        "type": "Secret Keyword",
        "verified_result": null
      }
    ],
    "test/src/test_users.py": [
      {
        "hashed_secret": "74ba31d41223751c75cc0a453dd7df04889bdc72",
        "is_secret": false,
        "is_verified": false,
        "line_number": 143,
        "type": "Secret Keyword",
        "verified_result": null
      },
      {
        "hashed_secret": "2edced2e2f44a016a5b2e5ce25fe704e62cbb2e7",
        "is_secret": false,
        "is_verified": false,
        "line_number": 150,
        "type": "Secret Keyword",
        "verified_result": null
      },
      {
        "hashed_secret": "f66f0353de50f6990a5d761b00268056fa80f95f",
        "is_secret": false,
        "is_verified": false,
        "line_number": 1945,
        "type": "Secret Keyword",
        "verified_result": null
      }
    ],
    "test/test_cases/manage_fail/db2set.txt": [
      {
        "hashed_secret": "bd78032d1e51d595c52a633d3041cf7a22bddbf5",
        "is_secret": false,
        "is_verified": false,
        "line_number": 11,
        "type": "Secret Keyword",
        "verified_result": null
      }
    ],
    "test/test_cases/manage_fail/db2uinstance.yaml": [
      {
        "hashed_secret": "a4b48a81cdab1e1a5dd37907d6c85ca1c61ddc7c",
        "is_secret": false,
        "is_verified": false,
        "line_number": 91,
        "type": "Secret Keyword",
        "verified_result": null
      }
    ],
    "test/test_cases/manage_pass/db2set.txt": [
      {
        "hashed_secret": "1459943ba5fd876f7ef6e48f566a40b448a2bf08",
        "is_secret": false,
        "is_verified": false,
        "line_number": 11,
        "type": "Secret Keyword",
        "verified_result": null
      }
    ],
    "test/test_cases/manage_pass/db2uinstance.yaml": [
      {
        "hashed_secret": "1459943ba5fd876f7ef6e48f566a40b448a2bf08",
        "is_secret": false,
        "is_verified": false,
        "line_number": 107,
        "type": "Secret Keyword",
        "verified_result": null
      }
    ]
  },
  "version": "0.13.1+ibm.64.dss",
  "word_list": {
    "file": null,
    "hash": null
  }
}
